TAP version 13
# Subtest: execution and separately approved publication preserve exact intent and immutable observation across cold reopen
ok 1 - execution and separately approved publication preserve exact intent and immutable observation across cold reopen
  ---
  duration_ms: 55.3293
  type: 'test'
  ...
# Subtest: one enrolled store enforces namespace approval uniqueness across workflows and execute/publish; keys cannot be appended
ok 2 - one enrolled store enforces namespace approval uniqueness across workflows and execute/publish; keys cannot be appended
  ---
  duration_ms: 30.0177
  type: 'test'
  ...
# Subtest: publication requires a passed completed parent and exact complete subject, never bare result digest
ok 3 - publication requires a passed completed parent and exact complete subject, never bare result digest
  ---
  duration_ms: 54.9704
  type: 'test'
  ...
# Subtest: terminal quarantine remains absorbing and blocks a fresh workflow after restart
ok 4 - terminal quarantine remains absorbing and blocks a fresh workflow after restart
  ---
  duration_ms: 26.2219
  type: 'test'
  ...
# Subtest: pure state graph rejects skipped effects, contradictory results and restoration of execution
ok 5 - pure state graph rejects skipped effects, contradictory results and restoration of execution
  ---
  duration_ms: 33.1757
  type: 'test'
  ...
# Subtest: caller mutation, getters, forged history and divergent event replay fail without extra state
ok 6 - caller mutation, getters, forged history and divergent event replay fail without extra state
  ---
  duration_ms: 24.8152
  type: 'test'
  ...
# Subtest: v2 no-result stop after source-delivery-possible cannot become failure/cancellation or release a workspace
ok 7 - v2 no-result stop after source-delivery-possible cannot become failure/cancellation or release a workspace
  ---
  duration_ms: 30.3454
  type: 'test'
  ...
# Subtest: v2 no-result stop after launch-possible cannot become failure/cancellation or release a workspace
ok 8 - v2 no-result stop after launch-possible cannot become failure/cancellation or release a workspace
  ---
  duration_ms: 40.8734
  type: 'test'
  ...
# Subtest: expiry denies new effects but does not prevent recording stop/failure; cross-operation clock regression denies
ok 9 - expiry denies new effects but does not prevent recording stop/failure; cross-operation clock regression denies
  ---
  duration_ms: 34.7095
  type: 'test'
  ...
# Subtest: reached expiry before transfer refuses delivery marker and permits cancellation only
ok 10 - reached expiry before transfer refuses delivery marker and permits cancellation only
  ---
  duration_ms: 21.6566
  type: 'test'
  ...
# Subtest: reservation COMMIT response loss persists once, poisons writes and recovers by exact read
ok 11 - reservation COMMIT response loss persists once, poisons writes and recovers by exact read
  ---
  duration_ms: 20.3678
  type: 'test'
  ...
# Subtest: possible-effect COMMIT response loss persists once, poisons writes and recovers by exact read
ok 12 - possible-effect COMMIT response loss persists once, poisons writes and recovers by exact read
  ---
  duration_ms: 27.5923
  type: 'test'
  ...
# Subtest: terminal COMMIT response loss persists once, poisons writes and recovers by exact read
ok 13 - terminal COMMIT response loss persists once, poisons writes and recovers by exact read
  ---
  duration_ms: 20.7695
  type: 'test'
  ...
# Subtest: post-commit read-back fault retains record and poisons rather than compensating
ok 14 - post-commit read-back fault retains record and poisons rather than compensating
  ---
  duration_ms: 27.8667
  type: 'test'
  ...
# Subtest: malformed row fails whole discovery; rehashed forged transitions and blocker columns cannot clear quarantine
ok 15 - malformed row fails whole discovery; rehashed forged transitions and blocker columns cannot clear quarantine
  ---
  duration_ms: 24.4539
  type: 'test'
  ...
# Subtest: missing/wrong schema, namespace, store identity, nested transaction and durability drift deny
ok 16 - missing/wrong schema, namespace, store identity, nested transaction and durability drift deny
  ---
  duration_ms: 19.8485
  type: 'test'
  ...
# Subtest: maximum lifetime quota denies without pruning and SQL-side scan catches an over-limit store
ok 17 - maximum lifetime quota denies without pruning and SQL-side scan catches an over-limit store
  ---
  duration_ms: 256.1666
  type: 'test'
  ...
# Subtest: abrupt separate process exit after possible-effect COMMIT retains blocker and cannot redispatch on reopen
ok 18 - abrupt separate process exit after possible-effect COMMIT retains blocker and cannot redispatch on reopen
  ---
  duration_ms: 144.1398
  type: 'test'
  ...
# Subtest: two independent worker connections start together for identical approval: outcome consistency, not proof of contention
ok 19 - two independent worker connections start together for identical approval: outcome consistency, not proof of contention
  ---
  duration_ms: 136.5824
  type: 'test'
  ...
# Subtest: two independent worker connections start together for same workspace: outcome consistency, not proof of contention
ok 20 - two independent worker connections start together for same workspace: outcome consistency, not proof of contention
  ---
  duration_ms: 107.5244
  type: 'test'
  ...
# Subtest: held SQLite IMMEDIATE lock forces observed SQLITE_BUSY and denies ledger write until explicit release
ok 21 - held SQLite IMMEDIATE lock forces observed SQLITE_BUSY and denies ledger write until explicit release
  ---
  duration_ms: 800.0313
  type: 'test'
  ...
# Subtest: v2 binds store identity, keeps historical approval identity and rejects v1 inputs
ok 22 - v2 binds store identity, keeps historical approval identity and rejects v1 inputs
  ---
  duration_ms: 19.6463
  type: 'test'
  ...
# Subtest: overriding public read cannot substitute post-COMMIT integrity read-back
ok 23 - overriding public read cannot substitute post-COMMIT integrity read-back
  ---
  duration_ms: 29.8571
  type: 'test'
  ...
# Subtest: legacy v1 schema is refused without migration, adoption or rewriting
ok 24 - legacy v1 schema is refused without migration, adoption or rewriting
  ---
  duration_ms: 17.8958
  type: 'test'
  ...
# Subtest: oversized passive input and event-count overflow deny without writing
ok 25 - oversized passive input and event-count overflow deny without writing
  ---
  duration_ms: 17.3811
  type: 'test'
  ...
# Subtest: verbatim passed execution transplanted into a same-namespace store denies read, write and publication across reopen
ok 26 - verbatim passed execution transplanted into a same-namespace store denies read, write and publication across reopen
  ---
  duration_ms: 55.746
  type: 'test'
  ...
# Subtest: application scan independently rejects cross-row approval duplication on every access path
ok 27 - application scan independently rejects cross-row approval duplication on every access path
  ---
  duration_ms: 26.0056
  type: 'test'
  ...
# Subtest: application scan independently rejects cross-row workflow duplication on every access path
ok 28 - application scan independently rejects cross-row workflow duplication on every access path
  ---
  duration_ms: 19.0971
  type: 'test'
  ...
# Subtest: application scan independently rejects cross-row workspace duplication on every access path
ok 29 - application scan independently rejects cross-row workspace duplication on every access path
  ---
  duration_ms: 19.9919
  type: 'test'
  ...
# Subtest: application scan independently rejects cross-row operation duplication on every access path
ok 30 - application scan independently rejects cross-row operation duplication on every access path
  ---
  duration_ms: 26.1181
  type: 'test'
  ...
# Subtest: coherent in-store forgery is accepted: negative boundary control, not authenticated evidence
ok 31 - coherent in-store forgery is accepted: negative boundary control, not authenticated evidence
  ---
  duration_ms: 31.2746
  type: 'test'
  ...
# Subtest: coherent cross-store rewrite is accepted: store binding is not authentication
ok 32 - coherent cross-store rewrite is accepted: store binding is not authentication
  ---
  duration_ms: 52.1263
  type: 'test'
  ...
# Subtest: two same-namespace stores each accept one approval: sole enrollment is a host obligation
ok 33 - two same-namespace stores each accept one approval: sole enrollment is a host obligation
  ---
  duration_ms: 59.8335
  type: 'test'
  ...
# Subtest: new ledger on the same connection clears only instance poison, not durable history
ok 34 - new ledger on the same connection clears only instance poison, not durable history
  ---
  duration_ms: 23.9129
  type: 'test'
  ...
# Subtest: new ledger normalizes configured pragma on the same connection: synchronous=NORMAL
ok 35 - new ledger normalizes configured pragma on the same connection: synchronous=NORMAL
  ---
  duration_ms: 19.9968
  type: 'test'
  ...
# Subtest: new ledger normalizes configured pragma on the same connection: foreign_keys=OFF
ok 36 - new ledger normalizes configured pragma on the same connection: foreign_keys=OFF
  ---
  duration_ms: 27.3113
  type: 'test'
  ...
# Subtest: new ledger normalizes configured pragma on the same connection: trusted_schema=ON
ok 37 - new ledger normalizes configured pragma on the same connection: trusted_schema=ON
  ---
  duration_ms: 20.262
  type: 'test'
  ...
# Subtest: new ledger normalizes configured pragma on the same connection: busy_timeout=0
ok 38 - new ledger normalizes configured pragma on the same connection: busy_timeout=0
  ---
  duration_ms: 17.6143
  type: 'test'
  ...
# Subtest: new ledger normalizes configured pragma on the same connection: journal_mode=DELETE
ok 39 - new ledger normalizes configured pragma on the same connection: journal_mode=DELETE
  ---
  duration_ms: 29.6059
  type: 'test'
  ...
# Subtest: constructor does not normalize ignore_check_constraints drift
ok 40 - constructor does not normalize ignore_check_constraints drift
  ---
  duration_ms: 20.1856
  type: 'test'
  ...
# Subtest: v1 record inside intact v2 schema denies all access without rewriting
ok 41 - v1 record inside intact v2 schema denies all access without rewriting
  ---
  duration_ms: 30.5093
  type: 'test'
  ...
# Subtest: publication restoration releases once-at-a-time workspace exclusion, never approval identity
ok 42 - publication restoration releases once-at-a-time workspace exclusion, never approval identity
  ---
  duration_ms: 45.1369
  type: 'test'
  ...
# Subtest: current connection rejects durability drift: synchronous=NORMAL
ok 43 - current connection rejects durability drift: synchronous=NORMAL
  ---
  duration_ms: 14.9828
  type: 'test'
  ...
# Subtest: current connection rejects durability drift: foreign_keys=OFF
ok 44 - current connection rejects durability drift: foreign_keys=OFF
  ---
  duration_ms: 18.6218
  type: 'test'
  ...
# Subtest: current connection rejects durability drift: trusted_schema=ON
ok 45 - current connection rejects durability drift: trusted_schema=ON
  ---
  duration_ms: 14.5068
  type: 'test'
  ...
# Subtest: current connection rejects durability drift: busy_timeout=0
ok 46 - current connection rejects durability drift: busy_timeout=0
  ---
  duration_ms: 14.2136
  type: 'test'
  ...
# Subtest: current connection rejects durability drift: ignore_check_constraints=ON
ok 47 - current connection rejects durability drift: ignore_check_constraints=ON
  ---
  duration_ms: 36.8184
  type: 'test'
  ...
# Subtest: current connection rejects durability drift: journal_mode=DELETE
ok 48 - current connection rejects durability drift: journal_mode=DELETE
  ---
  duration_ms: 25.435
  type: 'test'
  ...
# Subtest: attached database denies discovery without inspecting its content
ok 49 - attached database denies discovery without inspecting its content
  ---
  duration_ms: 15.9794
  type: 'test'
  ...
# Subtest: forward-clock record survives reopen and blocks all earlier writes; discovery remains read-only
ok 50 - forward-clock record survives reopen and blocks all earlier writes; discovery remains read-only
  ---
  duration_ms: 28.1635
  type: 'test'
  ...
# Subtest: expired success is historical bookkeeping and replayed quarantine never grants a fresh effect
ok 51 - expired success is historical bookkeeping and replayed quarantine never grants a fresh effect
  ---
  duration_ms: 41.2336
  type: 'test'
  ...
# Subtest: boundary negative: v2 completed releases after SQLite reopen without an anchor acknowledgment
ok 52 - boundary negative: v2 completed releases after SQLite reopen without an anchor acknowledgment
  ---
  duration_ms: 58.2091
  type: 'test'
  ...
# Subtest: boundary negative: v2 failed releases after SQLite reopen without an anchor acknowledgment
ok 53 - boundary negative: v2 failed releases after SQLite reopen without an anchor acknowledgment
  ---
  duration_ms: 39.9909
  type: 'test'
  ...
# Subtest: boundary negative: v2 cancelled releases after SQLite reopen without an anchor acknowledgment
ok 54 - boundary negative: v2 cancelled releases after SQLite reopen without an anchor acknowledgment
  ---
  duration_ms: 35.4538
  type: 'test'
  ...
# Subtest: boundary negative: v2 restored releases after SQLite reopen without an anchor acknowledgment
ok 55 - boundary negative: v2 restored releases after SQLite reopen without an anchor acknowledgment
  ---
  duration_ms: 46.071
  type: 'test'
  ...
# Subtest: boundary negative: v2 publish-completed releases after SQLite reopen without an anchor acknowledgment
ok 56 - boundary negative: v2 publish-completed releases after SQLite reopen without an anchor acknowledgment
  ---
  duration_ms: 55.5626
  type: 'test'
  ...
# Subtest: boundary: anchor response loss and absent append have identical ledger bytes but different independent histories
ok 57 - boundary: anchor response loss and absent append have identical ledger bytes but different independent histories
  ---
  duration_ms: 37.5129
  type: 'test'
  ...
# Subtest: boundary negative: deleting a releasing terminal is invisible to listBlocked but changes complete inventory
ok 58 - boundary negative: deleting a releasing terminal is invisible to listBlocked but changes complete inventory
  ---
  duration_ms: 35.6311
  type: 'test'
  ...
# Subtest: boundary: v2 missing-result quarantine stays absorbing and cannot emulate the proposed release protocol
ok 59 - boundary: v2 missing-result quarantine stays absorbing and cannot emulate the proposed release protocol
  ---
  duration_ms: 33.6235
  type: 'test'
  ...
1..59
# tests 59
# suites 0
# pass 59
# fail 0
# cancelled 0
# skipped 0
# todo 0
# duration_ms 2868.9276
